TAP version 13
ok 1 - a missing python3 is rejected
ok 1 - python3 is present and at least 3.9, the floor README.md declares # RISKY no assertions
ok 1 - Open in Zed rejects an empty directory before starting Zed
ok 1 - Open in Zed rejects a missing directory before starting Zed
ok 1 - a python3 below the floor, or one answering with junk, is rejected
ok 1 - palette sources under SOURCE_ROOT compile
ok 1 - Open in Zed rejects an invalid configured executable
ok 1 - Open in Zed falls back to a valid non-Git directory
ok 1 - Open in Zed uses the standard macOS CLI fallback
ok 1 - Open in Zed reports its bounded timeout
ok 1 - Open in Zed resolves a nested repository directory and reuses the Zed window
ok 1 - Open in Zed resolves Zed from PATH and returns its exit status
ok 1 - --validate accepts the real commands.toml and names the command count
ok 1 - --validate rejects an unsupported command type
ok 1 - load_commands reads a fixture config from the source tree
ok 1 - R1: lg ranks Lazygit in popup first
ok 1 - R1: ws ranks Switch workspace first
ok 1 - R1: edit ranks Edit command palette config first
ok 1 - R1: zed ranks Open in Zed first, and returns only it
ok 1 - R1: main ranks Merge main branch first
ok 1 - R1: lazy ranks Lazygit in popup first
ok 1 - R10: a half-typed shortcut still matches by prefix
ok 1 - R2: a query matching no title and no shortcut returns nothing
ok 1 - R10: shortcut matching is case-insensitive
ok 1 - R10: a decoy title cannot displace a shortcut hit
ok 1 - R10: the Cyrillic shortcuts rank their command first
ok 1 - R2: an empty query returns every command in group order
ok 1 - a command with no shortcuts still matches by title
ok 1 - the fallback TOML parser reads a shortcuts array
ok 1 - a title containing a tab does not corrupt the index mapping
ok 1 - select options rank through the same scorer
ok 1 - R1: the title tier is case-insensitive
ok 1 - R3: every command is reachable at 40 commands in 8 groups
ok 1 - R3: ten commands still render unscrolled
ok 1 - R3: the last drawn row never reaches the description line
ok 1 - --validate rejects a malformed shortcuts value
ok 1 - R3: a single group with no extra headers still scrolls
ok 1 - R4: a herdr argv pane run is refused for an agent-owned pane too
ok 1 - R4: pane_run proceeds when no agent owns the pane
ok 1 - R4: a herdr argv pane run proceeds when no agent owns the pane
ok 1 - R4: pane_run refuses a pane an agent owns and says why
ok 1 - R4: a failed pane lookup is reported, not treated as a free pane
ok 1 - R7: a bare {value} in a shell command is rejected, naming {value_q}
ok 1 - R7: {value_q} and {value_url} are accepted
ok 1 - R7: a bare {value} in a herdr argv array is accepted
ok 1 - R7: a bare {value} in a herdr argv array that runs a shell is rejected
ok 1 - R4: tab_run creates a tab and never consults the agent guard
ok 1 - R9: a missing fzf fails loudly, naming fzf, the Brewfile and PATH
ok 1 - R6: an open palette is found and focused instead of opening a second
ok 1 - R7: a bare {value} in a nested [run] table is rejected
ok 1 - R6: a pane that merely mentions palette.py is not the palette
ok 1 - R9: a config the validator rejects is reported, not raised
ok 1 - R6: with no palette pane present, one is opened and marked
ok 1 - R6: the lookup costs one pane list and no process-info calls
ok 1 - R6: overlay_shell clears the palette token before it execs
ok 1 - R9: an fzf that fails leaves the palette alive and says so
ok 1 - R9: an fzf that never answers leaves the palette alive and empty
1..0
