1..254
ok 1 python3 is present and at least 3.9, the floor README.md declares
ok 2 lint target propagates shellcheck failures
ok 3 CI-minimal Linux render skips Homebrew but keeps the remaining setup
ok 4 full Linux render keeps Homebrew package installation
ok 5 CI-minimal non-Linux render keeps Homebrew package installation
ok 6 install-packages script renders as valid bash
ok 7 macos-tunes script is valid bash
ok 8 darwin scripts excluded from managed list on Linux # skip Only relevant on Linux
ok 9 ask-in-herdr script requires arguments
ok 10 ask.sh rejects unknown agents and the removed headless flag
ok 11 ask.sh refuses outside herdr and when herdr-child is absent
ok 12 ask.sh starts a read-only live child and returns its answer
ok 13 ask.sh keeps a settled answer when the parent reminder cannot be queued
ok 14 ask.sh forwards posture and every native caller option
ok 15 ask.sh retries a colliding derived name with a valid suffix
ok 16 ask.sh reports blocked children after printing their answer
ok 17 ask.sh reports undelivered when child output cannot be read
ok 18 ask.sh reports a still-working child with exit 124
ok 19 ask.sh classifies successful waits with working, unknown, and fallback statuses
ok 20 ask.sh maps child start failures to refused or undelivered
ok 21 herdr-child requires a subcommand and herdr environment
ok 22 herdr-child refuses pi read-only before splitting a pane
ok 23 herdr-child start requires exactly one explicit mode before Herdr mutation
ok 24 herdr-child validates tab placement before Herdr mutation
ok 25 herdr-child validates launch and supervision timeouts before Herdr mutation
ok 26 herdr-child attached mode starts no watcher
ok 27 herdr-child detached mode fails closed without a parent session
ok 28 herdr-child detached mode closes only its new pane without a child session
ok 29 herdr-child detached mode returns only after liveness and causal watcher arming
ok 30 herdr-child detached arm failure preserves the child and returns recovery JSON
ok 31 herdr-child signal before prompt submission closes owned state and pane
ok 32 herdr-child catchable launch signals preserve ownership after prompt submission
ok 33 herdr-child signal and arm handshake resolves abort before reporting supervision
ok 34 herdr-child detached watcher ignores stale settlement and delivers a fresh observed outcome
ok 35 herdr-child detached timeout wakes once and later settlement wakes the same generation
ok 36 herdr-child detached delivery follows parent terminal identity and fails closed on session replacement
ok 37 herdr-child detached delivery retries temporary parent blockage and prompt transport failure
ok 38 herdr-child detached delivery uses capped increasing retry backoff and one terminal failure
ok 39 herdr-child transient pane reads never become child-gone and delivery continues
ok 40 herdr-child superseded watcher cannot publish failure metadata over a new generation
ok 41 herdr-child watcher switches from fresh polling to sliced agent wait
ok 42 herdr-child sliced wait revalidates generation before liveness refresh
ok 43 herdr-child sliced wait publishes one typed non-timeout failure
ok 44 herdr-child detached watcher rejects malformed state and child identity replacement
ok 45 herdr-child reap invalidates before close while spontaneous loss wakes the parent
ok 46 herdr-child failed reap restores supervision for the kept child
ok 47 herdr-child detached ask follows parent identity and suppresses its ordinary blocked wake
ok 48 herdr-child attached ask follows captured parent identity after the parent moves
ok 49 herdr-child callback intent suppresses blocked wake until confirmed receipt
ok 50 herdr-child callback delivery exhaustion keeps decision waiting and blocks reap
ok 51 herdr-child detached callbacks fail closed when supervision metadata is unreadable
ok 52 herdr-child detached reply advances generation and rearms later settlement
ok 53 herdr-child managed prompt requires a mode and attached wait observes a newer sequence
ok 54 herdr-child attached prompt wait rejects the first one-step settlement after a working baseline
ok 55 herdr-child managed detached prompt advances generation and preserves the child on rearm failure
ok 56 herdr-child continuation preflight failures preserve the prior generation
ok 57 herdr-child attached child promoted to detach asks through validated metadata
ok 58 herdr child source contracts document attached and detached lifecycle boundaries
ok 59 herdr-child rejects invalid and live names before splitting
ok 60 herdr-child maps claude postures and skill directories
ok 61 herdr-child maps opencode permissions, model, and configured agent
ok 62 herdr-child maps pi model, effort, skills, and question exclusion
ok 63 herdr-child rejects native options that the selected kind cannot map
ok 64 herdr-child splits, starts, and prompts in order with both coordinates
ok 65 herdr-child tab mode records ownership before starting an attached child
ok 66 herdr-child tab launch signal closes a parsed creation before ownership publication
ok 67 herdr-child tab mode composes with detached supervision
ok 68 herdr-child tab mode preserves malformed creations and cleans owned failures
ok 69 herdr-child tab mode reports the tab on timeout and names it on launch failure
ok 70 herdr-child caps startup timeout while preserving a long prompt wait
ok 71 herdr-child retries only the pane-readiness start failure
ok 72 herdr-child closes its pane after three readiness failures
ok 73 herdr-child distinguishes a stalled initial prompt
ok 74 herdr-child preserves a working pane when the wait times out
ok 75 herdr-child ask requires every injected child coordinate
ok 76 herdr-child ask publishes before delivery and uses the versioned marker
ok 77 herdr-child ask leaves the label when parent lookup or delivery fails
ok 78 herdr-child reply validates the live pair, delivers, then clears
ok 79 herdr-child ask and reply publish strictly increasing label sequences
ok 80 herdr-child reply keeps the label when delivery fails and refuses child callers
ok 81 herdr-child reap closes only settled, unfocused, non-waiting panes
ok 82 herdr-child reap closes an unfocused idle pane
ok 83 herdr-child reap rejects an empty expected pane
ok 84 herdr-child reap preserves a reused name outside the expected pane
ok 85 herdr-child reap preserves a pane when fresh state no longer matches
ok 86 herdr-child reap refuses outside herdr and from a child pane
ok 87 herdr-child reap preserves a settled pane with a waiting label
ok 88 herdr-child reap preserves a settled pane when pane metadata is malformed
ok 89 herdr-child reap closes a positively owned one-pane tab
ok 90 herdr-child reap closes the child pane but reports a surviving multi-pane tab
ok 91 herdr-child reap preserves ambiguous tab ownership
ok 92 herdr-child tab reap invalidates detached supervision before close
ok 93 herdr-integrations script exits 0 and skips when herdr is absent
ok 94 fff-grep-guard denies a query of several bare words
ok 95 fff-grep-guard stays silent on a single identifier
ok 96 fff-grep-guard stays silent on a path-scoped or glob-scoped query
ok 97 fff-grep-guard fails open on malformed input
ok 98 webfetch-markdown-hint adds context for a plain URL
ok 99 webfetch-markdown-hint stays silent when the URL already uses markdown.new
ok 100 settings template registers both PreToolUse hooks with their matchers
ok 101 herdr-task-sync descriptor probe lives in a one-test Bats file
inner Bats exit phase took 0.039s
ok 102 herdr-task-sync bounded Bats invocation exits after detached work
ok 103 herdr-task-sync bounded Bats invocation refuses a vacuous run
ok 104 herdr-task-sync harness fresh reads follow pane and tab mutations
ok 105 herdr-task-sync harness controls reverse model completion by generation
ok 106 herdr-task-sync harness isolates colliding sanitized socket names
ok 107 herdr-task-sync harness applies source metadata sequence and clear rules
ok 108 herdr-task-sync harness models target loss move reuse and final-read change
ok 109 herdr-task-sync latest committed request survives stale completion and a third request
ok 110 herdr-task-sync active native session fences reused pane and session identifiers
ok 111 herdr-task-sync prompt transcript and direct set share one committed-generation contract
ok 112 herdr-task-sync failed latest model retains newest context and prior slug
ok 113 herdr-task-sync atomic records never expose truncation or mixed fields
ok 114 herdr-task-sync one-way legacy import is atomic idempotent and ignores late legacy writes
ok 115 herdr-task-sync restart recovers accepted and interrupted worker generations
ok 116 herdr-task-sync clock rollback and restart cannot lower generation or task high-water
ok 117 herdr-task-sync exact socket namespaces survive legacy sanitized-name collisions
ok 118 herdr-task-sync fail-open guard ignores terminal input and preserves redirected input
ok 119 herdr-task-sync fail-open deadline rejects late success before the hang guard
ok 120 herdr-task-sync fail-open guard uses the greater baseline
ok 121 herdr-task-sync fails open for missing tools contention write failure and malformed input
ok 122 herdr-task-sync orders adapter calls by inbox commit rather than invocation start
ok 123 herdr-task-sync adapters return when a direct engine hangs
ok 124 herdr-task-sync opencode forgets a deleted child session
ok 125 herdr-task-sync presentation coordinates concurrent panes in one shared tab
ok 126 herdr-task-sync presentation accepts pi jsonl path sessions that end with the active session id
ok 127 herdr-task-sync presentation labels a detected agent without task state
ok 128 herdr-task-sync presentation publishes only the newest accepted generation
ok 129 herdr-task-sync presentation coalesces event bursts into an active pass and rerun
ok 130 herdr-task-sync presentation retries a newer invalidation after transient pass failure
ok 131 herdr-task-sync presentation release recheck does not lose a pending invalidation
ok 132 herdr-task-sync event presentation leaves the hook process group
ok 133 herdr-task-sync presentation automatically corrects divergent pane and tab labels
ok 134 herdr-task-sync presentation drops a malformed-width record and keeps labeling the rest
ok 135 herdr-task-sync presentation skips pre-read deletion and repairs the post-read race next pass
ok 136 herdr-task-sync presentation skips reused pane and tab identities at the final read
ok 137 herdr-task-sync age cleanup removes only inactive task payloads
ok 138 herdr-task-sync presentation preserves state on incomplete and transient snapshots
ok 139 herdr-task-sync naming worker never age-cleans tasks without safe snapshot ownership
ok 140 herdr-task-sync presentation isolates exact colliding socket identities
ok 141 herdr-task-sync presentation recovers stale and half-created owner claims
ok 142 herdr-task-sync presentation resumes safely across durable crash boundaries
ok 143 herdr-task-sync presentation self-events converge to a no-op
ok 144 herdr-task-sync presentation fails closed without an exact socket
ok 145 herdr-task-sync presentation restart recomputes durable pending intent without a label ledger
ok 146 herdr-task-sync location resolves main linked nested and administrative paths with strict foreground semantics
ok 147 herdr-task-sync dangling administrative gitdir retains stale location
ok 148 herdr-task-sync location detached publishes a commit ref and non-Git clears are source-local with monotonic restart high-water
ok 149 herdr-task-sync location real probe shape pays the second sha call only when detached
ok 150 herdr-task-sync location detached sha failure retains prior identity as stale and never publishes a malformed git_ref
ok 151 herdr-task-sync location detached sha budget failure with no prior state renders no git location and self-heals
ok 152 herdr-task-sync location clears the retired location_label token on both publish and non-git clear paths
ok 153 herdr-task-sync location transient modes retain identity as stale without foreground fallback
ok 154 herdr-task-sync coordinator resolves eight pane locations concurrently within one event envelope
ok 155 herdr-task-sync no-op location event preserves the state file
ok 156 herdr-task-sync transient location preserves live token-only identity when retained state is unavailable
ok 157 herdr-task-sync location authoritative worktree deletion clears retained evidence
ok 158 herdr-task-sync formatter keeps Git refs in metadata and tab labels names-only
ok 159 herdr-task-sync formatter renders a main checkout ref in metadata only
ok 160 herdr-task-sync formatter renders a worktree ref in metadata only
ok 161 herdr-task-sync formatter keeps a Git-backed all-idle tab names-only
ok 162 herdr-task-sync Git-only location changes do not rename a names-only tab
ok 163 herdr-task-sync formatter keeps the folder qualifier on a main checkout in a differently-named folder
ok 164 herdr-task-sync formatter reads the workspace display name from the legacy name field when label is absent
ok 165 herdr-task-sync formatter gives a detached HEAD inside a linked worktree the commit icon
ok 166 herdr-task-sync formatter qualifies a divergent worktree folder in metadata only
ok 167 herdr-task-sync formatter keeps mixed Git identities out of tabs and repairs external labels
ok 168 herdr-task-sync formatter joins only pane labels when three panes span two repositories
ok 169 herdr-task-sync worktree tokens use shortest unique slash suffixes for basename collisions
ok 170 herdr-task-sync worktree tokens digest overlong roots and extend colliding digest prefixes
ok 171 herdr-task-sync worktree token ordinal fallback is unique and stable under pane reordering
ok 172 herdr-task-sync long branch refs stay in metadata and do not alter the tab label
ok 173 herdr-task-sync long repository names do not alter a multi-repo tab label
ok 174 herdr-task-sync location clears a retired location_label even when every published token already matches
ok 175 herdr-task-sync location and formatter add only approved static icon glyphs and no forbidden ownership state
ok 176 herdr-task-sync publishes dirty ahead and behind counts beside an unchanged git_ref
ok 177 herdr-task-sync clean checkout carries no counts token and republishes when only the counts change
ok 178 herdr-task-sync counts every changed path once whether it is staged, unstaged, both, or untracked
ok 179 herdr-task-sync omits ahead and behind when the branch has no upstream
ok 180 herdr-task-sync clears the counts token when a pane leaves a Git checkout
ok 181 herdr-task-sync status probe over budget drops the counts and leaves git_ref intact
ok 182 herdr-task-sync agent pane follows the directory its own statusline reports, not its launch directory
ok 183 herdr-task-sync keeps the counts when only the identity probe misses its budget
ok 184 herdr-task-sync counts untracked paths its way, not the user git config's way
ok 185 herdr-task-sync writer and reader agree on the record name for an awkward session id
ok 186 herdr-task-sync falls back to the pane cwd when the reported directory is gone
ok 187 herdr-task-sync ignores an agent directory report that is not an absolute path
ok 188 herdr-task-sync reads the newest agent directory report when a session moves twice before a sweep
ok 189 herdr-task-sync plugin exposes only the approved pane, tab, and worktree invalidations
ok 190 herdr-task-sync plugin wrappers invoke one engine mode and isolate failures
ok 191 herdr-task-sync event requests reconciliation and ensures the daemon fail-open
ok 192 herdr-task-sync sweep repairs an external pane rename without pane.updated
ok 193 herdr-task-sync sweep repairs process and CWD changes through the presentation coordinator
ok 194 herdr-task-sync stays silent outside herdr
ok 195 herdr-task-sync publishes the engine slug and stores it (R4, R7)
ok 196 herdr-task-sync keeps the slug on a continuation prompt (AE1)
ok 197 herdr-task-sync publishes nothing when no engine is usable (AE3, R5)
ok 198 herdr-task-sync resets the stored context on a new session id
ok 199 herdr-task-sync returns before the naming engine finishes (R8)
ok 200 herdr-task-sync normalizes a hostile engine slug (KTD8)
ok 201 herdr-task-sync exits under the recursion guard (KTD7)
ok 202 herdr-task-sync falls back to claude when pi fails (KTD1)
ok 203 herdr-task-sync publishes nothing when both engines time out (KTD1)
ok 204 herdr-task-sync creates its state directory with mode 700 (KTD3)
ok 205 herdr-task-sync names a session from its transcript (AE5)
ok 206 herdr-task-sync publishes nothing for an empty prompt without a transcript
ok 207 herdr-task-sync --set publishes a normalized name with no engine call (AE6)
ok 208 herdr-task-sync names the pane with the agent prefix
ok 209 herdr-task-sync falls back to a letter prefix for an unknown agent
ok 210 herdr-task-sync rebuilds the tab label from the pane labels
ok 211 herdr-task-sync names a command pane after the process group leader
ok 212 herdr-task-sync names an idle pane with the placeholder
ok 213 herdr-task-sync presentation numbers an all-idle tab
ok 214 herdr-task-sync truncates a long command name
ok 215 herdr-task-sync --sweep relabels every tab
ok 216 herdr-task-sync --sweep leaves an unchanged tab label alone
ok 217 herdr-task-sync --sweep numbers all-idle tabs per workspace
ok 218 herdr-task-sync --ensure-daemon keeps a single daemon
/opt/homebrew/Cellar/bats-core/1.14.0/libexec/bats-core/bats-exec-test: line 92: 69316 Terminated: 15          sleep 30
ok 219 herdr-task-sync --ensure-daemon replaces a dead daemon
ok 220 herdr-task-sync --restart-daemon replaces a live daemon
ok 221 herdr-task-sync --restart-daemon refuses an unrelated lock owner
/opt/homebrew/Cellar/bats-core/1.14.0/libexec/bats-core/bats-exec-test: line 366: 75006 Terminated: 15          sleep 30
ok 222 herdr-task-sync sweep daemon exits after three unreachable snapshots
ok 223 herdr-task-sync hook stays silent and publishes nothing outside herdr
ok 224 herdr-task-sync hook writes nothing to stdout when the engine runs
ok 225 herdr-task-sync hook forwards the prompt, session, and transcript
ok 226 herdr-task-sync hook calls transcript mode on session start and compact
ok 227 herdr-task-sync hook drops subagent traffic (R3)
ok 228 herdr-task-sync hook survives malformed stdin
ok 229 se pipeline --setup-cmd lands in the workflow input JSON
ok 230 se flow --dry-run lands spec path, budget, and setup-cmd in the workflow input JSON
ok 231 se flow --validate-cmd lands the operator's command in the workflow input JSON
ok 232 se flow without --validate-cmd sends an empty command, not a missing key
ok 233 se flow --dry-run prints the composed flow with a cost estimate (R10)
ok 234 se flow refuses a spec the validator rejects, before launching
ok 235 se flow rejects a non-numeric budget
ok 236 se show prints the pending approval's title and reasons, not just a status word
ok 237 se approve prints what is being decided before recording the decision
ok 238 se show on a run with no pending approval prints no decision block
ok 239 se approve resumes a parked run that nothing is driving
ok 240 se approve --no-resume records the decision without driving the run
ok 241 se approve refuses to resume a run a live process already owns
ok 242 se approve does not resume a run that already finished
ok 243 se approve usage does not promise that approve continues the run
ok 244 se blocks --json emits the composable block catalog # skip smithers deps not installed (run bun install in /Users/seigiard/Projects/my-mac-setup/.claude/worktrees/optimize-test-suite-time/home/private_dot_claude/dot_smithers)
ok 245 Claude settings modifier registers the executor MCP server over stdio
ok 246 Claude settings modifier passes settings through untouched without 1Password
ok 247 Pi settings modifier selects the terminal theme and exact extension packages
ok 248 Pi settings modifier is idempotent
ok 249 Pi terminal theme uses only terminal palette colors
ok 250 Claude Code daltonized theme extends light ANSI with terminal colors
ok 251 morning-cleanup trashes stale .omc state and stamps the day
ok 252 morning-cleanup keeps a recently active .omc dir
ok 253 morning-cleanup is a no-op on its second run of the day
ok 254 morning-cleanup keeps fresh trash entries
